I'm sorry, but errors were detected in your script. Please correct the
errors listed below, and try again.


File "game/script.rpy", line 36: Line is indented, but the preceding play music statement statement does not expect a block. Please check this line's indentation. You may have forgotten a colon (:).
    $ renpy.with_statement(lambda: renpy.audio.set_music_volume(0.75, 2.0))
    ^

Ren'Py Version: Ren'Py 8.1.1.23060707
Mon Jun 19 18:11:38 2023
